◇ injected env (14) from .env.local // tip: ⌁ auth for agents [www.vestauth.com]
📊 1989 个课程包, 49273 课
📋 待爬: 1719 包, 40341 课
🖥 启动浏览器...

📚 [1/1719] 【Grammar in use】剑桥语法在用中级<原版音频>[20/145] (41/41)......................................... ✅ 41课 41/1096入库 4s/课
📚 [2/1719] 刘晓燕英语单词 (22/22)...................... ✅ 63课 22/1767入库 4s/课
📚 [3/1719] GAOTU (2/2).. ✅ 65课 2/140入库 4s/课
📚 [4/1719] 复合词速记 背1个=记住3个 (20/20).................... ✅ 85课 20/431入库 4s/课
📚 [5/1719] 【人教精通版】四年级下册【课本同步】2024年审定 (12/12)..........✗. ✅ 96课 11/370入库 4s/课
📚 [6/1719] 【RE  F级】 (8/8)........ ✅ 104课 8/193入库 4s/课
📚 [7/1719] 【外研版】八年级下册【课本同步】2024审定 (12/12).......✗.... ✅ 115课 11/456入库 4s/课
📚 [8/1719] 冀教版四年级下册（2026版）（课文） (30/30)....................✗✗........ ✅ 143课 28/317入库 4s/课
📚 [9/1719] 石油英语 (1/1)✗ ✅ 143课 0/0入库 4s/课
📚 [10/1719] 新技能英语 第二册 (6/6)...... ✅ 149课 6/112入库 4s/课
📚 [11/1719] SBL (27/27).............✗............. ✅ 175课 26/867入库 5s/课
📚 [12/1719] 【译林版】四年级下册【课本同步】2024审定 (16/16)................ ✅ 191课 16/320入库 5s/课
📚 [13/1719] 七下外研最新版 (3/3)... ✅ 194课 3/143入库 5s/课
📚 [14/1719] 晓艳老师英语四级词汇 (2/2).. ✅ 196课 2/40入库 5s/课
📚 [15/1719] 中考核心高频688单词+例句 (26/26).......................... ✅ 222课 26/2157入库 5s/课
📚 [16/1719] Eerie Elementary (140/140)....................................................................................................✗....................................... ✅ 361课 139/3203入库 5s/课
📚 [17/1719] 1-82课 (1/1)✗ ✅ 361课 0/0入库 5s/课
📚 [18/1719] 高考核心高频词216 (4/4).... ✅ 365课 4/216入库 5s/课
📚 [19/1719] 雅思阅读同义替换词 (1/1). ✅ 366课 1/553入库 5s/课
📚 [20/1719] 高频句式 (131/131)..............................................................................................✗✗................................... ✅ 495课 129/1200入库 5s/课
📚 [21/1719] 11111110000 (2/2).. ✅ 497课 2/56入库 5s/课
📚 [22/1719] 动词学这个就够了！（一次性学会原型/过去式/分词/不规则ing形式） (19/19)................... ✅ 516课 19/96入库 5s/课
📚 [23/1719] 2DEF Group 2 English (1/1). ✅ 517课 1/16入库 5s/课
📚 [24/1719] 每日英语精读 (20/20).................... ✅ 537课 20/195入库 5s/课
📚 [25/1719] 摩登家庭第一季 (1/1). ✅ 538课 1/510入库 5s/课
📚 [26/1719] Phonics (3/3)... ✅ 541课 3/33入库 5s/课
📚 [27/1719] GGG (1/1). ✅ 542课 1/9入库 5s/课
📚 [28/1719] CATTI三笔综合能力词汇句子复习 (4/4).... ✅ 546课 4/372入库 5s/课
📚 [29/1719] 八下p4对话 (3/3)... ✅ 549课 3/23入库 5s/课
📚 [30/1719] xuexi  (1/1). ✅ 550课 1/17入库 5s/课
📚 [31/1719] unit1   (18/18).................. ✅ 568课 18/364入库 5s/课
📚 [32/1719] 【教科版】四年级下册【课程同步】2024审定 (27/27)........................... ✅ 595课 27/374入库 5s/课
📚 [33/1719] SST (5/5)✗.... ✅ 599课 4/16入库 5s/课
📚 [34/1719] 曹胖1100基础词 (5/5)..... ✅ 604课 5/1001入库 5s/课
📚 [35/1719] SHERLOCK HOLMES 01 (1/1). ✅ 605课 1/18入库 5s/课
📚 [36/1719] 英语播客生词 (1/1). ✅ 606课 1/55入库 5s/课
📚 [37/1719] Wonder奇迹男孩英文版 (6/6)...... ✅ 612课 6/298入库 5s/课
📚 [38/1719] 北外英语-精听 (18/18).................. ✅ 630课 18/419入库 5s/课
📚 [39/1719] 雅思作文好句 (2/2).. ✅ 632课 2/25入库 5s/课
📚 [40/1719] 核心常考500词 专生本 (1/1). ✅ 633课 1/154入库 5s/课
📚 [41/1719] 译林版（三起）四下课本同步练习 (4/4).... ✅ 637课 4/115入库 5s/课
📚 [42/1719] 沪教牛津版英语 7 下 (64/64)..........................................................✗✗...✗ ✅ 698课 61/188入库 5s/课
📚 [43/1719] DSE Speaking Idea Bank (3/3)✗✗✗ ✅ 698课 0/0入库 5s/课
📚 [44/1719] 人猿泰山 片尾曲 (1/1)✗ ✅ 698课 0/0入库 5s/课
📚 [45/1719] 外研版( 新课标) 八下 课内范文 (12/12)✗✗.......... ✅ 708课 10/280入库 5s/课
📚 [46/1719] 7下人教版单词(含Primary部分) (12/12)............ ✅ 720课 12/707入库 5s/课
📚 [47/1719] 高考英语基础700词 (15/15)............... ✅ 735课 15/727入库 5s/课
📚 [48/1719] 第一阶段 职场交际英语篇 (21/21)..................